Firename: WILLAMETTE COMPLEX SOUTH
Forest: WILLAMETTE
Report: 2500-8_Willamette Complex South_Willamette.pdf
fire_start 2024-07-17 00:00:00
Match: None
----
Firename: WAPITI 2024
Forest: BOISE
Report: 2500-8_Wapiti 2024_Boise.pdf
fire_start 2024-07-24 00:00:00
Match: None
----
Firename: WAPITI
Forest: SAWTOOTH
Report: 2500-8_Wapiti_Sawtooth.pdf
fire_start 2024-07-24 00:00:00
Match: None
----
Firename: WAPITI
Forest: SALMON-CHALLIS
Report: 2500-8_Wapiti_Salmon-Challis.pdf
fire_start 2024-07-24 00:00:00
Match: None
----
Firename: FLAT TOP
Forest: DESCHUTES
Report: 2500-8_Flat Top_Deschutes.pdf
fire_start 2024-09-06 00:00:00
Match: None
----
Firename: FIRESTONE
Forest: DESCHUTES
Report: 2500-8_Firestone_Deschutes.pdf
fire_start 2024-09-06 00:00:00
Match: None
----
Firename: ELK
Forest: BIGHORN
Report: 2500-8_Elk_Bighorn.pdf
fire_start 2024-09-27 00:00:00
Match: None
----
Firename: FISH CREEK
Forest: BRIDGER-TETON
Report: 2500-8_Fish Creek_Bridger-Teton.pdf
fire_start 2024-08-16 00:00:00
Match: None
----
Firename: WILDHORSE 5
Forest: ARAPAHO-ROOSEVELT
Report: 2500-8_Wildhorse 5_Arapaho-Roosevelt.pdf
fire_start 2024-09-29 00:00:00
Match: None
----
Firename: CRACKER JACK/MOORE SQUARE COMP
Forest: NEZ PERCE
Report: 2500-8_Cracker Jack Moore Square Comp_Nez Perce.pdf
fire_start 2024-08-10 00:00:00
Match: None
----
Firename: WEST
Forest: TONTO
Report: 2500-8_West_Tonto.pdf
fire_start 2024-08-28 00:00:00
Match: None
----
Firename: HORTON 2024
Forest: TONTO
Report: 2500-8_Horton 2024_Tonto.pdf
fire_start 2024-12-14 00:00:00
Match: None
----
Firename: PREACHER
Forest: TONTO
Report: 2500-8_Preacher_Tonto.pdf
fire_start 2024-08-28 00:00:00
Match: None
----
Firename: SIPHON
Forest: TONTO
Report: 2500-8_Siphon_Tonto.pdf
fire_start 2024-09-10 00:00:00
Match: None
----
Firename: BIRCH
Forest: SALMON-CHALLIS
Report: 2500-8_Birch_Salmon-Challis.pdf
fire_start 2024-08-17 00:00:00
Match: None
----
Firename: BROOM CANYON
Forest: HUMBOLDT-TOIYABE
Report: 2500-8_Broom Canyon_Humboldt-Toiyabe.pdf
fire_start 2024-07-29 00:00:00
Match: None
----
Firename: BURNT CREEK
Forest: PAYETTE
Report: 2500-8_Burnt Creek_Payette.pdf
fire_start 2024-08-18 00:00:00
Match: None
----
Firename: CHIMNEY
Forest: SAWTOOTH
Report: 2500-8_Chimney_Sawtooth.pdf
fire_start 2024-09-02 00:00:00
Match: None
----
Firename: COMMISSARY
Forest: CARIBOU-TARGHEE
Report: 2500-8_Commissary_Caribou-Targhee.pdf
fire_start 2024-09-03 00:00:00
Match: None
----
Firename: COPPER
Forest: PAYETTE
Report: 2500-8_Copper_Payette.pdf
fire_start 2024-09-02 00:00:00
Match: None
----
Firename: REYNOLDS
Forest: SALMON-CHALLIS
Report: 2500-8_Reynolds_Salmon-Challis.pdf
fire_start 2024-08-22 00:00:00
Match: None
----
Firename: SNAG
Forest: BOISE
Report: 2500-8_Snag_Boise.pdf
fire_start 2024-08-05 00:00:00
Match: None
----
Firename: VANITY
Forest: SALMON-CHALLIS
Report: 2500-8_Vanity_Salmon-Challis.pdf
fire_start 2024-09-03 00:00:00
Match: None
----
Firename: PIONEER
Forest: Okanogan-Wenatchee
Report: 2500-8_Pioneer_Okanogan-Wenatchee.pdf
fire_start 2024-06-08 00:00:00
Match: None
----
Firename: RAIL RIDGE
Forest: OCHOCO
Report: 2500-8_Rail Ridge_Ochoco.pdf
fire_start 2024-09-02 00:00:00
Match: None
----
Firename: RED
Forest: DESCHUTES
Report: 2500-8_Red_Deschutes.pdf
fire_start 2024-07-17 00:00:00
Match: None
----
Firename: SANDSTONE
Forest: MOUNT HOOD
Report: 2500-8_Sandstone_Mount Hood.pdf
fire_start 2024-08-05 00:00:00
Match: None
----
Firename: TELEPHONE
Forest: MALHEUR
Report: 2500-8_Telephone_Malheur.pdf
fire_start 2024-07-22 00:00:00
Match: None
----
Firename: TIGER CREEK
Forest: UMATILLA
Report: 2500-8_Tiger Creek_Umatilla.pdf
fire_start 2024-10-01 00:00:00
Match: None
----
Firename: HUGHES
Forest: ANGELES
Report: 2500-8_Hughes_Angeles.pdf
fire_start 2025-01-22 00:00:00
Match: None
----
Firename: WYE, HALFWAY, MONUMENT, GOAT C
Forest: NEZ PERCE
Report: 2500-8_Wye, Halfway, Monument, Goat C_Nez Perce.pdf
fire_start 2024-07-25 00:00:00
Match: None
----
Firename: RATIO MOUNTAIN
Forest: BEAVERHEAD-DEERLODGE
Report: 2500-8_Ratio Mountain_Beaverhead-Deerlodge.pdf
fire_start 2024-08-18 00:00:00
Match: None
----
Firename: GROUSE
Forest: BEAVERHEAD-DEERLODGE
Report: 2500-8_Grouse_Beaverhead-Deerlodge.pdf
fire_start 2024-07-25 00:00:00
Match: None
----
Firename: MERIDIAN
Forest: BEAVERHEAD-DEERLODGE
Report: 2500-8_Meridian_Beaverhead-Deerlodge.pdf
fire_start 2024-10-08 00:00:00
Match: None
----
Firename: BIG HOLLOW
Forest: BEAVERHEAD-DEERLODGE
Report: 2500-8_Big Hollow_Beaverhead-Deerlodge.pdf
fire_start 2024-08-23 00:00:00
Match: None
----
Firename: DALY AND RAILROAD
Forest: BITTERROOT
Report: 2500-8_Daly And Railroad_Bitterroot.pdf
fire_start 2024-08-18 00:00:00
Match: None
----
Firename: ELKHORN RIDGE, PROSPECT, REYNO
Forest: BITTERROOT
Report: 2500-8_Elkhorn Ridge, Prospect, Reyno_Bitterroot.pdf
fire_start 2024-08-06 00:00:00
Match: None
----
Firename: JOHNSON
Forest: BITTERROOT
Report: 2500-8_Johnson_Bitterroot.pdf
fire_start 2024-07-25 00:00:00
Match: None
----
Firename: MAGRUDER RIDGE
Forest: BITTERROOT
Report: 2500-8_Magruder Ridge_Bitterroot.pdf
fire_start 2024-08-19 00:00:00
Match: None
----
Firename: NUGGET
Forest: SALMON-CHALLIS
Report: 2500-8_Nugget_Salmon-Challis.pdf
fire_start 2024-09-13 00:00:00
Match: None
----
Firename: PACK TRAIL
Forest: BRIDGER-TETON
Report: 2500-8_Pack Trail_Bridger-Teton.pdf
fire_start 2025-09-15 00:00:00
Match: None
----
Firename: PACK TRAIL
Forest: SHOSHONE
Report: 2500-8_Pack Trail_Shoshone.pdf
fire_start 2025-09-15 00:00:00
Match: None
----
Firename: BUCK CREEK
Forest: Fremont-Winema
Report: 2500-8_Buck Creek_Fremont-Winema.pdf
fire_start 2024-09-07 00:00:00
Match: None
----
Firename: COPPERFIELD
Forest: Fremont-Winema
Report: 2500-8_Copperfield_Fremont-Winema.pdf
fire_start 2024-09-01 00:00:00
Match: None
----
Firename: DEVILS KNOB
Forest: UMPQUA
Report: 2500-8_Devils Knob_Umpqua.pdf
fire_start 2024-09-05 00:00:00
Match: None
----
Firename: DIAMOND COMPLEX
Forest: UMPQUA
Report: 2500-8_Diamond Complex_Umpqua.pdf
fire_start 2024-07-19 00:00:00
Match: None
----
Firename: DOLLAR
Forest: BOISE
Report: 2500-8_Dollar_Boise.pdf
fire_start 2024-08-05 00:00:00
Match: None
----
Firename: FARROW
Forest: PAYETTE
Report: 2500-8_Farrow_Payette.pdf
fire_start 2024-08-05 00:00:00
Match: None
----
Firename: FLAT
Forest: BOISE
Report: 2500-8_Flat_Boise.pdf
fire_start 2024-08-05 00:00:00
Match: None
----
Firename: FROG
Forest: SAWTOOTH
Report: 2500-8_Frog_Sawtooth.pdf
fire_start 2024-09-07 00:00:00
Match: None
----
Firename: GARDEN
Forest: SALMON-CHALLIS
Report: 2500-8_Garden_Salmon-Challis.pdf
fire_start 2024-09-05 00:00:00
Match: None
----
Firename: GOAT
Forest: BOISE
Report: 2500-8_Goat_Boise.pdf
fire_start 2024-08-05 00:00:00
Match: None
----
Firename: LOGN
Forest: PAYETTE
Report: 2500-8_Logn_Payette.pdf
fire_start 2024-09-08 00:00:00
Match: None
----
Firename: CROZIER
Forest: ELDORADO
Report: 2500-8_Crozier_Eldorado.pdf
fire_start 2024-08-06 00:00:00
Match: None
----
Firename: EATON
Forest: ANGELES
Report: 2500-8_Eaton_Angeles.pdf
fire_start 2025-01-07 00:00:00
Match: None
----
Firename: HILL
Forest: SIX RIVERS
Report: 2500-8_Hill_Six Rivers.pdf
fire_start 2024-07-15 00:00:00
Match: None
----
Firename: HURST
Forest: ANGELES
Report: 2500-8_Hurst_Angeles.pdf
fire_start 2025-01-07 00:00:00
Match: None
----
Firename: HORSESHOE 2024
Forest: INYO
Report: 2500-8_Horseshoe 2024_Inyo.pdf
fire_start 2024-10-16 00:00:00
Match: None
----
Firename: LINE
Forest: SAN BERNARDINO
Report: 2500-8_Line_San Bernardino.pdf
fire_start 2024-09-05 00:00:00
Match: None
----
Firename: SHOE
Forest: SHASTA-TRINITY
Report: 2500-8_Shoe_Shasta-Trinity.pdf
fire_start 2024-10-09 00:00:00
Match: None
----
Firename: TROUT
Forest: SEQUOIA
Report: 2500-8_Trout_Sequoia.pdf
fire_start 2024-07-13 00:00:00
Match: None
----
Firename: 208
Forest: WILLAMETTE
Report: 2500-8_208_Willamette.pdf
fire_start 2024-07-17 00:00:00
Match: None
----
Firename: POISON CREEK
Forest: MALHEUR
Report: 2500-8_Poison Creek_Malheur.pdf
fire_start 2024-07-25 00:00:00
Match: None
----
Firename: MIDDLE FORK COMPLEX 2024
Forest: BOISE
Report: 2500-8_Middle Fork Complex 2024_Boise.pdf
fire_start 2024-08-05 00:00:00
Match: None
----
Firename: YELLOW LAKE
Forest: Uinta-Wasatch-Cache
Report: 2500-8_Yellow Lake_Uinta-Wasatch-Cache.pdf
fire_start 2024-09-28 00:00:00
Match: None
----
Firename: BRIDGE
Forest: ANGELES
Report: 2500-8_Bridge_Angeles.pdf
fire_start 2024-09-08 00:00:00
Match: None
----
Firename: BACHELOR COMPLEX
Forest: DESCHUTES
Report: 2500-8_Bachelor Complex_Deschutes.pdf
fire_start 2024-09-08 00:00:00
Match: None
----
Firename: DIXON
Forest: UMPQUA
Report: 2500-8_Dixon_Umpqua.pdf
fire_start 2024-08-10 00:00:00
Match: None
----
Firename: MINERS COMPLEX
Forest: MT BAKER-SNOQUALMIE
Report: 2500-8_Miners Complex_Mt Baker-Snoqualmie.pdf
fire_start 2024-07-17 00:00:00
Match: None
----
Firename: HOMESEAD COMPLEX
Forest: UMPQUA
Report: 2500-8_Homesead Complex_Umpqua.pdf
fire_start 2024-07-19 00:00:00
Match: None
----
Firename: WHISKY CREEK
Forest: MOUNT HOOD
Report: 2500-8_Whisky Creek_Mount Hood.pdf
fire_start 2024-07-20 00:00:00
Match: None
----
Firename: WILEY FLAT
Forest: OCHOCO
Report: 2500-8_Wiley Flat_Ochoco.pdf
fire_start 2024-09-02 00:00:00
Match: None
----
Firename: AIRPORT
Forest: CLEVELAND
Report: 2500-8_Airport_Cleveland.pdf
fire_start 2024-09-09 00:00:00
Match: None
----
Firename: PARKS
Forest: PAYETTE
Report: 2500-8_Parks_Payette.pdf
fire_start 2024-08-11 00:00:00
Match: None
----
Firename: RED ROCK
Forest: SALMON-CHALLIS
Report: 2500-8_Red Rock_Salmon-Challis.pdf
fire_start 2024-08-05 00:00:00
Match: None
----
