Firename: BACHELOR COMPLEX
Forest: DESCHUTES
fire_start 2024-09-08 00:00:00
----
Firename: BIG HOLLOW
Forest: BEAVERHEAD-DEERLODGE
fire_start 2024-08-23 00:00:00
----
Firename: BUCK CREEK
Forest: Fremont-Winema
fire_start 2024-09-07 00:00:00
----
Firename: BROOM CANYON
Forest: HUMBOLDT-TOIYABE
fire_start 2024-07-29 00:00:00
----
Firename: BURNT CREEK
Forest: PAYETTE
fire_start 2024-08-18 00:00:00
----
Firename: CHIMNEY
Forest: SAWTOOTH
fire_start 2024-09-02 00:00:00
----
Firename: DEWMOCRAT
Forest: SEQUOIA
fire_start 2025-05-18 00:00:00
----
Firename: DIAMOND COMPLEX
Forest: UMPQUA
fire_start 2024-07-19 00:00:00
----
Firename: COMMISSARY
Forest: CARIBOU-TARGHEE
fire_start 2024-09-03 00:00:00
----
Firename: COPPER
Forest: PAYETTE
fire_start 2024-09-02 00:00:00
----
Firename: COPPERFIELD
Forest: Fremont-Winema
fire_start 2024-09-01 00:00:00
----
Firename: COYOTE BUTTE
Forest: DESCHUTES
fire_start 2068-07-26 00:00:00
----
Firename: CROZIER
Forest: ELDORADO
fire_start 2024-08-06 00:00:00
----
Firename: DEVILS KNOB
Forest: UMPQUA
fire_start 2024-09-05 00:00:00
----
Firename: DIXON
Forest: UMPQUA
fire_start 2024-08-10 00:00:00
----
Firename: FARROW
Forest: PAYETTE
fire_start 2024-08-05 00:00:00
----
Firename: FIRESTONE
Forest: DESCHUTES
fire_start 2024-09-06 00:00:00
----
Firename: FOURTH OF JULY
Forest: WENATCHEE
fire_start 2068-08-03 00:00:00
----
Firename: FROG
Forest: SAWTOOTH
fire_start 2024-09-07 00:00:00
----
Firename: GARDEN
Forest: SALMON-CHALLIS
fire_start 2024-09-05 00:00:00
----
Firename: GOAT
Forest: BOISE
fire_start 2024-08-05 00:00:00
----
Firename: GROUSE
Forest: BEAVERHEAD-DEERLODGE
fire_start 2024-07-25 00:00:00
----
Firename: HOMESEAD COMPLEX
Forest: UMPQUA
fire_start 2024-07-19 00:00:00
----
Firename: HORNET CREEK
Forest: WENATCHEE
fire_start 2066-08-26 00:00:00
----
Firename: HUGHES
Forest: ANGELES
fire_start 2025-01-22 00:00:00
----
Firename: HURST
Forest: ANGELES
fire_start 2025-01-07 00:00:00
----
Firename: LOGAN
Forest: PAYETTE
fire_start 2024-09-08 00:00:00
----
Firename: MAGRUDER RIDGE
Forest: BITTERROOT
fire_start 2024-08-19 00:00:00
----
Firename: MERIDIAN
Forest: BEAVERHEAD-DEERLODGE
fire_start 2024-10-08 00:00:00
----
Firename: MINERS COMPLEX
Forest: MT BAKER-SNOQUALMIE
fire_start 2024-07-17 00:00:00
----
Firename: NUGGET
Forest: SALMON-CHALLIS
fire_start 2024-09-13 00:00:00
----
Firename: OCOCHO
Forest: OCHOCO
fire_start 2024-08-08 00:00:00
----
Firename: PARKS
Forest: PAYETTE
fire_start 2024-08-11 00:00:00
----
Firename: POISON CREEK
Forest: MALHEUR
fire_start 2024-07-25 00:00:00
----
Firename: PREACHER
Forest: TONTO
fire_start 2024-08-28 00:00:00
----
Firename: RED
Forest: DESCHUTES
fire_start 2024-07-17 00:00:00
----
Firename: RED ROCK
Forest: SALMON-CHALLIS
fire_start 2024-08-05 00:00:00
----
Firename: REYNOLDS
Forest: SALMON-CHALLIS
fire_start 2024-08-22 00:00:00
----
Firename: SNAG
Forest: BOISE
fire_start 2024-08-05 00:00:00
----
Firename: TELEPHONE
Forest: MALHEUR
fire_start 2024-07-22 00:00:00
----
Firename: SQUAWBACK-GENEVA
Forest: OCHOCO
fire_start 2068-07-05 00:00:00
----
Firename: THREE BAR
Forest: TONTO
fire_start 2059-06-01 00:00:00
----
Firename: TIGER CREEK
Forest: UMATILLA
fire_start 2024-10-01 00:00:00
----
Firename: VANITY
Forest: SALMON-CHALLIS
fire_start 2024-09-03 00:00:00
----
Firename: WAPITI 2024
Forest: BOISE
fire_start 2024-07-24 00:00:00
----
Firename: WILDHORSE 5
Forest: ARAPAHO-ROOSEVELT
fire_start 2024-09-29 00:00:00
----
Firename: WORKMAN CREEK?
Forest: TONTO
fire_start 2057-07-06 00:00:00
----
Firename: HORTON 2024
Forest: TONTO
fire_start 2024-12-14 00:00:00
----
Firename: ELKHORN RIDGE, PROSPECT, REYNO
Forest: BITTERROOT
fire_start 2024-08-06 00:00:00
----
Firename: 208
Forest: WILLAMETTE
fire_start 2024-07-17 00:00:00
----
Firename: BIRCH
Forest: SALMON-CHALLIS
fire_start 2024-08-17 00:00:00
----
Firename: JOHNSON
Forest: BITTERROOT
fire_start 2024-07-25 00:00:00
----
Firename: FLAT TOP
Forest: DESCHUTES
fire_start 2024-09-06 00:00:00
----
Firename: MIDDLE FORK COMPLEX 2024
Forest: BOISE
fire_start 2024-08-05 00:00:00
----
Firename: RATIO MOUNTAIN
Forest: BEAVERHEAD-DEERLODGE
fire_start 2024-08-18 00:00:00
----
Firename: PACK TRAIL
Forest: BRIDGER-TETON
fire_start 2025-09-15 00:00:00
----
Firename: PACK TRAIL
Forest: SHOSHONE
fire_start 2025-09-15 00:00:00
----
Firename: PIONEER
Forest: Okanogan-Wenatchee
fire_start 2024-06-08 00:00:00
----
Firename: RAIL RIDGE
Forest: OCHOCO
fire_start 2024-09-02 00:00:00
----
Firename: SIPHON
Forest: TONTO
fire_start 2024-09-10 00:00:00
----
Firename: YELLOW LAKE
Forest: Uinta-Wasatch-Cache
fire_start 2024-09-28 00:00:00
----
